[sites.google.com/ugcloud.ca/manie-musicale-les-artistes/2024.html]
[backblue.gif]
[fade.gif]
[index.html]
[ssl.gstatic.com/atari/images/impression-header.png]
[apis.google.com/js/clientc932.js]
[sites.google.com/ugcloud.ca/manie-musicale-les-artistes/home.html]
[sites.google.com/ugcloud.ca/manie-musicale-les-artistes/les-artistes.html]
[sites.google.com/ugcloud.ca/manie-musicale-les-artistes/2024/nuit-incolore.html]
[sites.google.com/ugcloud.ca/manie-musicale-les-artistes/2023/missy-d.html]
[sites.google.com/ugcloud.ca/manie-musicale-les-artistes/2019/gims.html]
[sites.google.com/ugcloud.ca/manie-musicale-les-artistes/2023/leflofranco.html]
[sites.google.com/ugcloud.ca/manie-musicale-les-artistes/2024/mika.html]
[sites.google.com/ugcloud.ca/manie-musicale-les-artistes/2024/lehko.html]
[sites.google.com/ugcloud.ca/manie-musicale-les-artistes/2021/vianney.html]
[sites.google.com/ugcloud.ca/manie-musicale-les-artistes/2024/kendji-girac.html]
[sites.google.com/ugcloud.ca/manie-musicale-les-artistes/2020/soprano.html]
[sites.google.com/ugcloud.ca/manie-musicale-les-artistes/2024/julien-canaby.html]
[sites.google.com/ugcloud.ca/manie-musicale-les-artistes/2024/magic-system.html]
[sites.google.com/ugcloud.ca/manie-musicale-les-artistes/2024/les-maryann.html]
[sites.google.com/ugcloud.ca/manie-musicale-les-artistes/2024/vitaa.html]
[sites.google.com/ugcloud.ca/manie-musicale-les-artistes/2024/claude-bégin.html]
[sites.google.com/ugcloud.ca/manie-musicale-les-artistes/2024/claudia-bouvette.html]
[sites.google.com/ugcloud.ca/manie-musicale-les-artistes/2019/black-m.html]
[sites.google.com/ugcloud.ca/manie-musicale-les-artistes/2021/amir.html]
[sites.google.com/ugcloud.ca/manie-musicale-les-artistes/2024/baladji-kwata.html]
[sites.google.com/ugcloud.ca/manie-musicale-les-artistes/2024/ouidad.html]
[sites.google.com/ugcloud.ca/manie-musicale-les-artistes/2024.html]
[sites.google.com/ugcloud.ca/manie-musicale-les-artistes/2024/anisha-jo.html]
[sites.google.com/ugcloud.ca/manie-musicale-les-artistes/2023.html]
[sites.google.com/ugcloud.ca/manie-musicale-les-artistes/2022.html]
[sites.google.com/ugcloud.ca/manie-musicale-les-artistes/2021.html]
[sites.google.com/ugcloud.ca/manie-musicale-les-artistes/2020.html]
[sites.google.com/ugcloud.ca/manie-musicale-les-artistes/2019.html]
[sites.google.com/ugcloud.ca/manie-musicale-les-artistes/2018.html]
[sites.google.com/ugcloud.ca/manie-musicale-les-artistes/home.html]
[sites.google.com/ugcloud.ca/manie-musicale-les-artistes/2017.html]
[sites.google.com/ugcloud.ca/manie-musicale-les-artistes/2021/21-juin-le-duo.html]
[sites.google.com/ugcloud.ca/manie-musicale-les-artistes/2020/alaclair-ensemble.html]
[sites.google.com/ugcloud.ca/manie-musicale-les-artistes/2021/amay-laoni.html]
[sites.google.com/ugcloud.ca/manie-musicale-les-artistes/2023/amaya.html]
[sites.google.com/ugcloud.ca/manie-musicale-les-artistes/2018/amel-bent.html]
[sites.google.com/ugcloud.ca/manie-musicale-les-artistes/2020/angèle.html]
[sites.google.com/ugcloud.ca/manie-musicale-les-artistes/2019/antsa-mendrika.html]
[sites.google.com/ugcloud.ca/manie-musicale-les-artistes/2022/aya-nakamura.html]
[sites.google.com/ugcloud.ca/manie-musicale-les-artistes/2019/bigflo-oli.html]
[sites.google.com/ugcloud.ca/manie-musicale-les-artistes/2020/bilal-hassani.html]
[sites.google.com/ugcloud.ca/manie-musicale-les-artistes/2020/bleu-jeans-bleu.html]
[sites.google.com/ugcloud.ca/manie-musicale-les-artistes/2020/carla.html]
[sites.google.com/ugcloud.ca/manie-musicale-les-artistes/2019/caroline-costa.html]
[sites.google.com/ugcloud.ca/manie-musicale-les-artistes/2021/céphaz.html]
[sites.google.com/ugcloud.ca/manie-musicale-les-artistes/2018/christophe-maé.html]
[sites.google.com/ugcloud.ca/manie-musicale-les-artistes/2020/claudio-capéo.html]
[sites.google.com/ugcloud.ca/manie-musicale-les-artistes/2018/corneille.html]
[sites.google.com/ugcloud.ca/manie-musicale-les-artistes/2021/dadju.html]
[sites.google.com/ugcloud.ca/manie-musicale-les-artistes/2023/danakil.html]
[sites.google.com/ugcloud.ca/manie-musicale-les-artistes/2019/dj-kayz.html]
[sites.google.com/ugcloud.ca/manie-musicale-les-artistes/2020/erza-muqoli.html]
[sites.google.com/ugcloud.ca/manie-musicale-les-artistes/2019/evan-et-marco.html]
[sites.google.com/ugcloud.ca/manie-musicale-les-artistes/2021/les-frangines.html]
[sites.google.com/ugcloud.ca/manie-musicale-les-artistes/2020/franglish.html]
[sites.google.com/ugcloud.ca/manie-musicale-les-artistes/2017/the-garlics.html]
[sites.google.com/ugcloud.ca/manie-musicale-les-artistes/2018/gauthier-galand.html]
[sites.google.com/ugcloud.ca/manie-musicale-les-artistes/2022/grand-corps-malade.html]
[sites.google.com/ugcloud.ca/manie-musicale-les-artistes/2021/ichon.html]
[sites.google.com/ugcloud.ca/manie-musicale-les-artistes/2020/indila.html]
[sites.google.com/ugcloud.ca/manie-musicale-les-artistes/2019/jérémy-frérot.html]
[sites.google.com/ugcloud.ca/manie-musicale-les-artistes/2018/johnny-hallyday.html]
[sites.google.com/ugcloud.ca/manie-musicale-les-artistes/2023/joyce-jonathan.html]
[sites.google.com/ugcloud.ca/manie-musicale-les-artistes/2021/julien-doré.html]
[sites.google.com/ugcloud.ca/manie-musicale-les-artistes/2023/julien-granel.html]
[sites.google.com/ugcloud.ca/manie-musicale-les-artistes/2021/kalune.html]
[sites.google.com/ugcloud.ca/manie-musicale-les-artistes/2020/keenv.html]
[sites.google.com/ugcloud.ca/manie-musicale-les-artistes/2018/khaled.html]
[sites.google.com/ugcloud.ca/manie-musicale-les-artistes/2019/kids-united.html]
[sites.google.com/ugcloud.ca/manie-musicale-les-artistes/2022/kimberose.html]
[sites.google.com/ugcloud.ca/manie-musicale-les-artistes/2022/laurence-nerbonne.html]
[sites.google.com/ugcloud.ca/manie-musicale-les-artistes/2020/les-enfants-de-la-terre.html]
[sites.google.com/ugcloud.ca/manie-musicale-les-artistes/2019/lou.html]
[sites.google.com/ugcloud.ca/manie-musicale-les-artistes/2019/louane.html]
[sites.google.com/ugcloud.ca/manie-musicale-les-artistes/2022/lunis.html]
[sites.google.com/ugcloud.ca/manie-musicale-les-artistes/2017/m-pokora.html]
[sites.google.com/ugcloud.ca/manie-musicale-les-artistes/2018/madame-monsieur.html]
[sites.google.com/ugcloud.ca/manie-musicale-les-artistes/2020/maëlle.html]
[sites.google.com/ugcloud.ca/manie-musicale-les-artistes/2022/marc-dupré.html]
[sites.google.com/ugcloud.ca/manie-musicale-les-artistes/2023/maysha.html]
[sites.google.com/ugcloud.ca/manie-musicale-les-artistes/2023/mentissa.html]
[sites.google.com/ugcloud.ca/manie-musicale-les-artistes/2021/mickaël-pouvin.html]
[sites.google.com/ugcloud.ca/manie-musicale-les-artistes/2020/nassi.html]
[sites.google.com/ugcloud.ca/manie-musicale-les-artistes/2017/olivier-dion.html]
[sites.google.com/ugcloud.ca/manie-musicale-les-artistes/2019/orelsan.html]
[sites.google.com/ugcloud.ca/manie-musicale-les-artistes/2018/résiste-comédie-musicale.html]
[sites.google.com/ugcloud.ca/manie-musicale-les-artistes/2021/shym.html]
[sites.google.com/ugcloud.ca/manie-musicale-les-artistes/2018/sidoine.html]
[sites.google.com/ugcloud.ca/manie-musicale-les-artistes/2020/vitaa-et-slimane.html]
[sites.google.com/ugcloud.ca/manie-musicale-les-artistes/2023/smarty.html]
[sites.google.com/ugcloud.ca/manie-musicale-les-artistes/2022/soan.html]
[sites.google.com/ugcloud.ca/manie-musicale-les-artistes/2017/stromae.html]
[sites.google.com/ugcloud.ca/manie-musicale-les-artistes/2020/2020.html]
[sites.google.com/ugcloud.ca/manie-musicale-les-artistes/2019/tal.html]
[sites.google.com/ugcloud.ca/manie-musicale-les-artistes/2023/tayc.html]
[sites.google.com/ugcloud.ca/manie-musicale-les-artistes/2021/trois-cafés-gourmands.html]
[sites.google.com/ugcloud.ca/manie-musicale-les-artistes/2023/toofan.html]
[sites.google.com/ugcloud.ca/manie-musicale-les-artistes/2023/le-vent-du-nord.html]
[sites.google.com/ugcloud.ca/manie-musicale-les-artistes/2022/we-are-world-citizens.html]
[sites.google.com/ugcloud.ca/manie-musicale-les-artistes/2023/wejdene.html]
[sites.google.com/ugcloud.ca/manie-musicale-les-artistes/2023/yaniss-odua.html]
[sites.google.com/ugcloud.ca/manie-musicale-les-artistes/2018/yannick-noah.html]
[sites.google.com/ugcloud.ca/manie-musicale-les-artistes/2022/youssou-ndour.html]
[sites.google.com/ugcloud.ca/manie-musicale-les-artistes/2022/zaho.html]
[sites.google.com/ugcloud.ca/manie-musicale-les-artistes/2023/zaz.html]
[sites.google.com/ugcloud.ca/manie-musicale-les-artistes/les-artistes.html]
[sites.google.com/ugcloud.ca/manie-musicale-les-artistes/2024/nuit-incolore.html]
[sites.google.com/ugcloud.ca/manie-musicale-les-artistes/2023/missy-d.html]
[sites.google.com/ugcloud.ca/manie-musicale-les-artistes/2019/gims.html]
[sites.google.com/ugcloud.ca/manie-musicale-les-artistes/2023/leflofranco.html]
[sites.google.com/ugcloud.ca/manie-musicale-les-artistes/2024/mika.html]
[sites.google.com/ugcloud.ca/manie-musicale-les-artistes/2024/lehko.html]
[sites.google.com/ugcloud.ca/manie-musicale-les-artistes/2021/vianney.html]
[sites.google.com/ugcloud.ca/manie-musicale-les-artistes/2024/kendji-girac.html]
[sites.google.com/ugcloud.ca/manie-musicale-les-artistes/2020/soprano.html]
[sites.google.com/ugcloud.ca/manie-musicale-les-artistes/2024/julien-canaby.html]
[sites.google.com/ugcloud.ca/manie-musicale-les-artistes/2024/magic-system.html]
[sites.google.com/ugcloud.ca/manie-musicale-les-artistes/2024/les-maryann.html]
[sites.google.com/ugcloud.ca/manie-musicale-les-artistes/2024/vitaa.html]
[sites.google.com/ugcloud.ca/manie-musicale-les-artistes/2024/claude-bégin.html]
[sites.google.com/ugcloud.ca/manie-musicale-les-artistes/2024/claudia-bouvette.html]
[sites.google.com/ugcloud.ca/manie-musicale-les-artistes/2019/black-m.html]
[sites.google.com/ugcloud.ca/manie-musicale-les-artistes/2021/amir.html]
[sites.google.com/ugcloud.ca/manie-musicale-les-artistes/2024/baladji-kwata.html]
[sites.google.com/ugcloud.ca/manie-musicale-les-artistes/2024/ouidad.html]
[sites.google.com/ugcloud.ca/manie-musicale-les-artistes/2024/anisha-jo.html]
[sites.google.com/ugcloud.ca/manie-musicale-les-artistes/2023.html]
[sites.google.com/ugcloud.ca/manie-musicale-les-artistes/2022.html]
[sites.google.com/ugcloud.ca/manie-musicale-les-artistes/2021.html]
[sites.google.com/ugcloud.ca/manie-musicale-les-artistes/2020.html]
[sites.google.com/ugcloud.ca/manie-musicale-les-artistes/2019.html]
[sites.google.com/ugcloud.ca/manie-musicale-les-artistes/2018.html]
[sites.google.com/ugcloud.ca/manie-musicale-les-artistes/2017.html]
[sites.google.com/ugcloud.ca/manie-musicale-les-artistes/2021/21-juin-le-duo.html]
[sites.google.com/ugcloud.ca/manie-musicale-les-artistes/2020/alaclair-ensemble.html]
[sites.google.com/ugcloud.ca/manie-musicale-les-artistes/2021/amay-laoni.html]
[sites.google.com/ugcloud.ca/manie-musicale-les-artistes/2023/amaya.html]
[sites.google.com/ugcloud.ca/manie-musicale-les-artistes/2018/amel-bent.html]
[sites.google.com/ugcloud.ca/manie-musicale-les-artistes/2020/angèle.html]
[sites.google.com/ugcloud.ca/manie-musicale-les-artistes/2019/antsa-mendrika.html]
[sites.google.com/ugcloud.ca/manie-musicale-les-artistes/2022/aya-nakamura.html]
[sites.google.com/ugcloud.ca/manie-musicale-les-artistes/2019/bigflo-oli.html]
[sites.google.com/ugcloud.ca/manie-musicale-les-artistes/2020/bilal-hassani.html]
[sites.google.com/ugcloud.ca/manie-musicale-les-artistes/2020/bleu-jeans-bleu.html]
[sites.google.com/ugcloud.ca/manie-musicale-les-artistes/2020/carla.html]
[sites.google.com/ugcloud.ca/manie-musicale-les-artistes/2019/caroline-costa.html]
[sites.google.com/ugcloud.ca/manie-musicale-les-artistes/2021/céphaz.html]
[sites.google.com/ugcloud.ca/manie-musicale-les-artistes/2018/christophe-maé.html]
[sites.google.com/ugcloud.ca/manie-musicale-les-artistes/2020/claudio-capéo.html]
[sites.google.com/ugcloud.ca/manie-musicale-les-artistes/2018/corneille.html]
[sites.google.com/ugcloud.ca/manie-musicale-les-artistes/2021/dadju.html]
[sites.google.com/ugcloud.ca/manie-musicale-les-artistes/2023/danakil.html]
[sites.google.com/ugcloud.ca/manie-musicale-les-artistes/2019/dj-kayz.html]
[sites.google.com/ugcloud.ca/manie-musicale-les-artistes/2020/erza-muqoli.html]
[sites.google.com/ugcloud.ca/manie-musicale-les-artistes/2019/evan-et-marco.html]
[sites.google.com/ugcloud.ca/manie-musicale-les-artistes/2021/les-frangines.html]
[sites.google.com/ugcloud.ca/manie-musicale-les-artistes/2020/franglish.html]
[sites.google.com/ugcloud.ca/manie-musicale-les-artistes/2017/the-garlics.html]
[sites.google.com/ugcloud.ca/manie-musicale-les-artistes/2018/gauthier-galand.html]
[sites.google.com/ugcloud.ca/manie-musicale-les-artistes/2022/grand-corps-malade.html]
[sites.google.com/ugcloud.ca/manie-musicale-les-artistes/2021/ichon.html]
[sites.google.com/ugcloud.ca/manie-musicale-les-artistes/2020/indila.html]
[sites.google.com/ugcloud.ca/manie-musicale-les-artistes/2019/jérémy-frérot.html]
[sites.google.com/ugcloud.ca/manie-musicale-les-artistes/2018/johnny-hallyday.html]
[sites.google.com/ugcloud.ca/manie-musicale-les-artistes/2023/joyce-jonathan.html]
[sites.google.com/ugcloud.ca/manie-musicale-les-artistes/2021/julien-doré.html]
[sites.google.com/ugcloud.ca/manie-musicale-les-artistes/2023/julien-granel.html]
[sites.google.com/ugcloud.ca/manie-musicale-les-artistes/2021/kalune.html]
[sites.google.com/ugcloud.ca/manie-musicale-les-artistes/2020/keenv.html]
[sites.google.com/ugcloud.ca/manie-musicale-les-artistes/2018/khaled.html]
[sites.google.com/ugcloud.ca/manie-musicale-les-artistes/2019/kids-united.html]
[sites.google.com/ugcloud.ca/manie-musicale-les-artistes/2022/kimberose.html]
[sites.google.com/ugcloud.ca/manie-musicale-les-artistes/2022/laurence-nerbonne.html]
[sites.google.com/ugcloud.ca/manie-musicale-les-artistes/2020/les-enfants-de-la-terre.html]
[sites.google.com/ugcloud.ca/manie-musicale-les-artistes/2019/lou.html]
[sites.google.com/ugcloud.ca/manie-musicale-les-artistes/2019/louane.html]
[sites.google.com/ugcloud.ca/manie-musicale-les-artistes/2022/lunis.html]
[sites.google.com/ugcloud.ca/manie-musicale-les-artistes/2017/m-pokora.html]
[sites.google.com/ugcloud.ca/manie-musicale-les-artistes/2018/madame-monsieur.html]
[sites.google.com/ugcloud.ca/manie-musicale-les-artistes/2020/maëlle.html]
[sites.google.com/ugcloud.ca/manie-musicale-les-artistes/2022/marc-dupré.html]
[sites.google.com/ugcloud.ca/manie-musicale-les-artistes/2023/maysha.html]
[sites.google.com/ugcloud.ca/manie-musicale-les-artistes/2023/mentissa.html]
[sites.google.com/ugcloud.ca/manie-musicale-les-artistes/2021/mickaël-pouvin.html]
[sites.google.com/ugcloud.ca/manie-musicale-les-artistes/2020/nassi.html]
[sites.google.com/ugcloud.ca/manie-musicale-les-artistes/2017/olivier-dion.html]
[sites.google.com/ugcloud.ca/manie-musicale-les-artistes/2019/orelsan.html]
[sites.google.com/ugcloud.ca/manie-musicale-les-artistes/2018/résiste-comédie-musicale.html]
[sites.google.com/ugcloud.ca/manie-musicale-les-artistes/2021/shym.html]
[sites.google.com/ugcloud.ca/manie-musicale-les-artistes/2018/sidoine.html]
[sites.google.com/ugcloud.ca/manie-musicale-les-artistes/2020/vitaa-et-slimane.html]
[sites.google.com/ugcloud.ca/manie-musicale-les-artistes/2023/smarty.html]
[sites.google.com/ugcloud.ca/manie-musicale-les-artistes/2022/soan.html]
[sites.google.com/ugcloud.ca/manie-musicale-les-artistes/2017/stromae.html]
[sites.google.com/ugcloud.ca/manie-musicale-les-artistes/2020/2020.html]
[sites.google.com/ugcloud.ca/manie-musicale-les-artistes/2019/tal.html]
[sites.google.com/ugcloud.ca/manie-musicale-les-artistes/2023/tayc.html]
[sites.google.com/ugcloud.ca/manie-musicale-les-artistes/2021/trois-cafés-gourmands.html]
[sites.google.com/ugcloud.ca/manie-musicale-les-artistes/2023/toofan.html]
[sites.google.com/ugcloud.ca/manie-musicale-les-artistes/2023/le-vent-du-nord.html]
[sites.google.com/ugcloud.ca/manie-musicale-les-artistes/2022/we-are-world-citizens.html]
[sites.google.com/ugcloud.ca/manie-musicale-les-artistes/2023/wejdene.html]
[sites.google.com/ugcloud.ca/manie-musicale-les-artistes/2023/yaniss-odua.html]
[sites.google.com/ugcloud.ca/manie-musicale-les-artistes/2018/yannick-noah.html]
[sites.google.com/ugcloud.ca/manie-musicale-les-artistes/2022/youssou-ndour.html]
[sites.google.com/ugcloud.ca/manie-musicale-les-artistes/2022/zaho.html]
[sites.google.com/ugcloud.ca/manie-musicale-les-artistes/2023/zaz.html]
[sites.google.com/ugcloud.ca/manie-musicale-les-artistes/2023/zeynab.html]
[sites.google.com/ugcloud.ca/manie-musicale-les-artistes/2023/zeynab.html]
